00:00 +0: loading C:/Users/10100/Documents/Padlock app/padlock_app/test/engine/exclamations/exclamations_test.dart
00:00 +0: C:/Users/10100/Documents/Padlock app/padlock_app/test/engine/exclamations/exclamations_test.dart: Exclamation John works!
00:00 +1: C:/Users/10100/Documents/Padlock app/padlock_app/test/engine/exclamations/exclamations_test.dart: Exclamation The dog is running!
00:00 +2: C:/Users/10100/Documents/Padlock app/padlock_app/test/engine/exclamations/exclamations_test.dart: Exclamation Mary studied yesterday!
00:00 +3: C:/Users/10100/Documents/Padlock app/padlock_app/test/engine/exclamations/exclamations_test.dart: Exclamation These dogs have learned!
00:00 +4: C:/Users/10100/Documents/Padlock app/padlock_app/test/engine/exclamations/exclamations_test.dart: Exclamation That house will be built by John!
00:00 +5: C:/Users/10100/Documents/Padlock app/padlock_app/test/engine/exclamations/exclamations_test.dart: Exclamation Our students must study!
00:00 +6: C:/Users/10100/Documents/Padlock app/padlock_app/test/engine/exclamations/exclamations_test.dart: Exclamation This teacher can travel!
00:00 +7: C:/Users/10100/Documents/Padlock app/padlock_app/test/engine/exclamations/exclamations_test.dart: Exclamation Every child has learned!
00:00 +8: C:/Users/10100/Documents/Padlock app/padlock_app/test/engine/exclamations/exclamations_test.dart: Exclamation No student worked yesterday!
00:00 +9: C:/Users/10100/Documents/Padlock app/padlock_app/test/engine/exclamations/exclamations_test.dart: Exclamation The dog did not run yesterday!
00:00 +10: C:/Users/10100/Documents/Padlock app/padlock_app/test/engine/irregular/irregular_test.dart: Irregular verbs John went home yesterday
00:00 +10 -1: C:/Users/10100/Documents/Padlock app/padlock_app/test/engine/irregular/irregular_test.dart: Irregular verbs John went home yesterday [E]
  Expected: 'John went home yesterday.'
    Actual: 'John went at home yesterday.'
     Which: is different.
            Expected: John went home yeste ...
              Actual: John went at home ye ...
                                ^
             Differ at offset 10
  
  package:matcher                                     expect
  package:flutter_test/src/widget_tester.dart 473:18  expect
  test\engine\irregular\irregular_test.dart 41:7      main.<fn>.<fn>
  
00:00 +10 -1: C:/Users/10100/Documents/Padlock app/padlock_app/test/engine/irregular/irregular_test.dart: Irregular verbs Mary has eaten
00:00 +11 -1: C:/Users/10100/Documents/Padlock app/padlock_app/test/engine/irregular/irregular_test.dart: Irregular verbs The dog ran
00:00 +12 -1: C:/Users/10100/Documents/Padlock app/padlock_app/test/engine/irregular/irregular_test.dart: Irregular verbs John has written
00:00 +13 -1: C:/Users/10100/Documents/Padlock app/padlock_app/test/engine/irregular/irregular_test.dart: Irregular verbs Mary drank yesterday
00:00 +14 -1: C:/Users/10100/Documents/Padlock app/padlock_app/test/engine/irregular/irregular_test.dart: Irregular verbs John has driven
00:00 +15 -1: C:/Users/10100/Documents/Padlock app/padlock_app/test/engine/irregular/irregular_test.dart: Irregular verbs The teacher spoke
00:00 +16 -1: C:/Users/10100/Documents/Padlock app/padlock_app/test/engine/irregular/irregular_test.dart: Irregular verbs Mary found the dog
00:00 +17 -1: C:/Users/10100/Documents/Padlock app/padlock_app/test/engine/irregular/irregular_test.dart: Irregular verbs John has taken
00:00 +18 -1: C:/Users/10100/Documents/Padlock app/padlock_app/test/engine/irregular/irregular_test.dart: Irregular verbs The child slept
00:00 +19 -1: C:/Users/10100/Documents/Padlock app/padlock_app/test/engine/irregular/irregular_test.dart: Irregular verbs John knew
00:00 +20 -1: C:/Users/10100/Documents/Padlock app/padlock_app/test/engine/irregular/irregular_test.dart: Irregular verbs Mary has bought
00:00 +21 -1: C:/Users/10100/Documents/Padlock app/padlock_app/test/engine/irregular/irregular_test.dart: Irregular verbs The house was built
00:00 +22 -1: C:/Users/10100/Documents/Padlock app/padlock_app/test/engine/irregular/irregular_test.dart: Irregular verbs John has done
00:00 +23 -1: C:/Users/10100/Documents/Padlock app/padlock_app/test/engine/irregular/irregular_test.dart: Irregular verbs Mary came yesterday
00:00 +24 -1: C:/Users/10100/Documents/Padlock app/padlock_app/test/engine/irregular/irregular_test.dart: Irregular verbs The boy began
00:00 +25 -1: C:/Users/10100/Documents/Padlock app/padlock_app/test/engine/modal/modal_test.dart: Modal verbs John can work
00:00 +26 -1: C:/Users/10100/Documents/Padlock app/padlock_app/test/engine/modal/modal_test.dart: Modal verbs John can work
00:00 +27 -1: C:/Users/10100/Documents/Padlock app/padlock_app/test/engine/modal/modal_test.dart: Modal verbs John can work
00:00 +28 -1: C:/Users/10100/Documents/Padlock app/padlock_app/test/engine/modal/modal_test.dart: Modal verbs John can work
00:00 +29 -1: C:/Users/10100/Documents/Padlock app/padlock_app/test/engine/modal/modal_test.dart: Modal verbs John can work
00:00 +30 -1: C:/Users/10100/Documents/Padlock app/padlock_app/test/engine/modal/modal_test.dart: Modal verbs John can work
00:00 +31 -1: C:/Users/10100/Documents/Padlock app/padlock_app/test/engine/modal/modal_test.dart: Modal verbs John can work
00:00 +32 -1: C:/Users/10100/Documents/Padlock app/padlock_app/test/engine/irregular/irregular_test.dart: Irregular verbs The cat got home
00:00 +33 -1: C:/Users/10100/Documents/Padlock app/padlock_app/test/engine/irregular/irregular_test.dart: Irregular verbs The cat got home
00:00 +33 -2: C:/Users/10100/Documents/Padlock app/padlock_app/test/engine/irregular/irregular_test.dart: Irregular verbs The cat got home [E]
  Expected: 'Cat got home.'
    Actual: 'Cat got at home.'
     Which: is different.
            Expected: Cat got home.
              Actual: Cat got at home.
                              ^
             Differ at offset 8
  
  package:matcher                                     expect
  package:flutter_test/src/widget_tester.dart 473:18  expect
  test\engine\irregular\irregular_test.dart 335:7     main.<fn>.<fn>
  
00:00 +33 -2: C:/Users/10100/Documents/Padlock app/padlock_app/test/engine/modal/modal_test.dart: Modal verbs The dog must run
00:00 +34 -2: C:/Users/10100/Documents/Padlock app/padlock_app/test/engine/modal/modal_test.dart: Modal verbs The dog must run
00:00 +35 -2: C:/Users/10100/Documents/Padlock app/padlock_app/test/engine/modal/modal_test.dart: Modal verbs The students may learn
00:00 +36 -2: C:/Users/10100/Documents/Padlock app/padlock_app/test/engine/modal/modal_test.dart: Modal verbs John might travel
00:00 +37 -2: C:/Users/10100/Documents/Padlock app/padlock_app/test/engine/modal/modal_test.dart: Modal verbs Mary will work
00:00 +38 -2: C:/Users/10100/Documents/Padlock app/padlock_app/test/engine/modal/modal_test.dart: Modal verbs The teacher can teach at school
00:00 +39 -2: C:/Users/10100/Documents/Padlock app/padlock_app/test/engine/modal/modal_test.dart: Modal verbs John should work tomorrow
00:00 +40 -2: C:/Users/10100/Documents/Padlock app/padlock_app/test/engine/modal/modal_test.dart: Modal verbs The dog cannot run
00:00 +40 -3: C:/Users/10100/Documents/Padlock app/padlock_app/test/engine/modal/modal_test.dart: Modal verbs The dog cannot run [E]
  Expected: 'The dog cannot run.'
    Actual: 'The dog can not run.'
     Which: is different.
            Expected: ... he dog cannot run.
              Actual: ... he dog can not run.
                                    ^
             Differ at offset 11
  
  package:matcher                                     expect
  package:flutter_test/src/widget_tester.dart 473:18  expect
  test\engine\modal\modal_test.dart 159:7             main.<fn>.<fn>
  
00:00 +40 -3: C:/Users/10100/Documents/Padlock app/padlock_app/test/engine/modal/modal_test.dart: Modal verbs Mary should not study
00:00 +41 -3: C:/Users/10100/Documents/Padlock app/padlock_app/test/engine/modal/modal_test.dart: Modal verbs Can John work?
00:00 +42 -3: C:/Users/10100/Documents/Padlock app/padlock_app/test/engine/modal/modal_test.dart: Modal verbs Should Mary study?
00:00 +43 -3: C:/Users/10100/Documents/Padlock app/padlock_app/test/engine/modal/modal_test.dart: Modal verbs Must the dog run?
00:00 +44 -3: C:/Users/10100/Documents/Padlock app/padlock_app/test/engine/modal/modal_test.dart: Modal verbs The house can be built
00:00 +45 -3: C:/Users/10100/Documents/Padlock app/padlock_app/test/engine/modal/modal_test.dart: Modal verbs Should the house be built?
00:00 +46 -3: C:/Users/10100/Documents/Padlock app/padlock_app/test/engine/modal/modal_test.dart: Modal verbs The bridge must be built
00:00 +47 -3: C:/Users/10100/Documents/Padlock app/padlock_app/test/engine/modal/modal_test.dart: Modal verbs The students may travel tomorrow
00:00 +48 -3: C:/Users/10100/Documents/Padlock app/padlock_app/test/engine/modal/modal_test.dart: Modal verbs John might not work
00:00 +49 -3: C:/Users/10100/Documents/Padlock app/padlock_app/test/engine/modal/modal_test.dart: Modal verbs The teacher will teach tomorrow
00:00 +50 -3: C:/Users/10100/Documents/Padlock app/padlock_app/test/engine/passive_test.dart: Passive voice Passive renders object as subject with determiner
00:00 +51 -3: C:/Users/10100/Documents/Padlock app/padlock_app/test/engine/passive_test.dart: Passive voice Passive renders plural object with determiner
00:00 +52 -3: C:/Users/10100/Documents/Padlock app/padlock_app/test/engine/passive_test.dart: Passive voice Passive renders agent determiner
00:00 +53 -3: C:/Users/10100/Documents/Padlock app/padlock_app/test/engine/passive_test.dart: Passive voice A house is built by John
00:00 +54 -3: C:/Users/10100/Documents/Padlock app/padlock_app/test/engine/passive_test.dart: Passive voice The houses are built by John
00:00 +55 -3: C:/Users/10100/Documents/Padlock app/padlock_app/test/engine/passive_test.dart: Passive voice The bridge was built by the workers
00:00 +56 -3: C:/Users/10100/Documents/Padlock app/padlock_app/test/engine/passive_test.dart: Passive voice The bridges were built by the workers
00:00 +57 -3: C:/Users/10100/Documents/Padlock app/padlock_app/test/engine/passive_test.dart: Passive voice A bridge will be built by workers
00:00 +58 -3: C:/Users/10100/Documents/Padlock app/padlock_app/test/engine/passive_test.dart: Passive voice The house is being built by John
00:00 +59 -3: C:/Users/10100/Documents/Padlock app/padlock_app/test/engine/passive_test.dart: Passive voice The bridge was being built by the workers
00:00 +60 -3: C:/Users/10100/Documents/Padlock app/padlock_app/test/engine/passive_test.dart: Passive voice The house has been built by John
00:00 +61 -3: C:/Users/10100/Documents/Padlock app/padlock_app/test/engine/passive_test.dart: Passive voice The bridge had been built by the workers
00:00 +62 -3: C:/Users/10100/Documents/Padlock app/padlock_app/test/engine/passive_test.dart: Passive voice The bridge will have been built by the workers
00:00 +63 -3: C:/Users/10100/Documents/Padlock app/padlock_app/test/engine/passive_test.dart: Passive voice The house has not been built by John
00:00 +64 -3: C:/Users/10100/Documents/Padlock app/padlock_app/test/engine/passive_test.dart: Passive voice Was the house built by John?
00:00 +65 -3: C:/Users/10100/Documents/Padlock app/padlock_app/test/engine/passive_test.dart: Passive voice Should bridge be built by the workers?
00:00 +66 -3: C:/Users/10100/Documents/Padlock app/padlock_app/test/engine/passive_test.dart: Passive voice A bridge should be built by workers
00:00 +67 -3: C:/Users/10100/Documents/Padlock app/padlock_app/test/engine/passive_test.dart: Passive voice The bridge must have been built by workers
00:00 +68 -3: C:/Users/10100/Documents/Padlock app/padlock_app/test/engine/passive_test.dart: Passive voice The houses have been built by the workers
00:00 +69 -3: C:/Users/10100/Documents/Padlock app/padlock_app/test/engine/passive_test.dart: Passive voice The houses were being built by workers
00:00 +70 -3: C:/Users/10100/Documents/Padlock app/padlock_app/test/engine/plural/plural_test.dart: Plural Dogs work
00:00 +71 -3: C:/Users/10100/Documents/Padlock app/padlock_app/test/engine/plural/plural_test.dart: Plural The dogs work
00:00 +72 -3: C:/Users/10100/Documents/Padlock app/padlock_app/test/engine/plural/plural_test.dart: Plural Students study
00:00 +73 -3: C:/Users/10100/Documents/Padlock app/padlock_app/test/engine/plural/plural_test.dart: Plural The students studied yesterday
00:00 +74 -3: C:/Users/10100/Documents/Padlock app/padlock_app/test/engine/plural/plural_test.dart: Plural Teachers are working
00:00 +75 -3: C:/Users/10100/Documents/Padlock app/padlock_app/test/engine/plural/plural_test.dart: Plural Children have learned
00:00 +76 -3: C:/Users/10100/Documents/Padlock app/padlock_app/test/engine/plural/plural_test.dart: Plural The houses were built
00:00 +77 -3: C:/Users/10100/Documents/Padlock app/padlock_app/test/engine/plural/plural_test.dart: Plural Dogs can run
00:00 +78 -3: C:/Users/10100/Documents/Padlock app/padlock_app/test/engine/plural/plural_test.dart: Plural The teachers should work
00:00 +79 -3: C:/Users/10100/Documents/Padlock app/padlock_app/test/engine/plural/plural_test.dart: Plural Dogs do not run
00:00 +80 -3: C:/Users/10100/Documents/Padlock app/padlock_app/test/engine/plural/plural_test.dart: Plural The students did not study yesterday
00:00 +81 -3: C:/Users/10100/Documents/Padlock app/padlock_app/test/engine/plural/plural_test.dart: Plural Do dogs work?
00:00 +82 -3: C:/Users/10100/Documents/Padlock app/padlock_app/test/engine/plural/plural_test.dart: Plural Were the houses built?
00:00 +83 -3: C:/Users/10100/Documents/Padlock app/padlock_app/test/engine/plural/plural_test.dart: Plural Should the teachers work?
00:00 +84 -3: C:/Users/10100/Documents/Padlock app/padlock_app/test/engine/plural/plural_test.dart: Plural These dogs are running
00:00 +85 -3: C:/Users/10100/Documents/Padlock app/padlock_app/test/engine/plural/plural_test.dart: Plural Our students have studied
00:00 +86 -3: C:/Users/10100/Documents/Padlock app/padlock_app/test/engine/plural/plural_test.dart: Plural Some children may travel
00:00 +87 -3: C:/Users/10100/Documents/Padlock app/padlock_app/test/engine/plural/plural_test.dart: Plural Many teachers work at school
00:00 +88 -3: C:/Users/10100/Documents/Padlock app/padlock_app/test/engine/plural/plural_test.dart: Plural The dogs were running yesterday
00:00 +89 -3: C:/Users/10100/Documents/Padlock app/padlock_app/test/engine/plural/plural_test.dart: Plural The children have not learned
00:00 +90 -3: C:/Users/10100/Documents/Padlock app/padlock_app/test/engine/polarity/polarity_test.dart: Polarity John does not work
00:00 +91 -3: C:/Users/10100/Documents/Padlock app/padlock_app/test/engine/polarity/polarity_test.dart: Polarity Mary did not study yesterday
00:00 +92 -3: C:/Users/10100/Documents/Padlock app/padlock_app/test/engine/polarity/polarity_test.dart: Polarity The dog is not running
00:00 +93 -3: C:/Users/10100/Documents/Padlock app/padlock_app/test/engine/polarity/polarity_test.dart: Polarity John was not working
00:00 +94 -3: C:/Users/10100/Documents/Padlock app/padlock_app/test/engine/polarity/polarity_test.dart: Polarity Mary has not learned
00:00 +95 -3: C:/Users/10100/Documents/Padlock app/padlock_app/test/engine/polarity/polarity_test.dart: Polarity The students have not studied
00:00 +96 -3: C:/Users/10100/Documents/Padlock app/padlock_app/test/engine/polarity/polarity_test.dart: Polarity John will not work tomorrow
00:00 +97 -3: C:/Users/10100/Documents/Padlock app/padlock_app/test/engine/polarity/polarity_test.dart: Polarity The teacher should not teach
00:00 +98 -3: C:/Users/10100/Documents/Padlock app/padlock_app/test/engine/polarity/polarity_test.dart: Polarity The dog cannot run
00:00 +99 -3: C:/Users/10100/Documents/Padlock app/padlock_app/test/engine/polarity/polarity_test.dart: Polarity The house was not built
00:00 +100 -3: C:/Users/10100/Documents/Padlock app/padlock_app/test/engine/polarity/polarity_test.dart: Polarity The houses were not built
00:00 +101 -3: C:/Users/10100/Documents/Padlock app/padlock_app/test/engine/polarity/polarity_test.dart: Polarity John has not been working
00:00 +102 -3: C:/Users/10100/Documents/Padlock app/padlock_app/test/engine/polarity/polarity_test.dart: Polarity The children are not studying
00:00 +103 -3: C:/Users/10100/Documents/Padlock app/padlock_app/test/engine/polarity/polarity_test.dart: Polarity John does not work at school
00:00 +104 -3: C:/Users/10100/Documents/Padlock app/padlock_app/test/engine/polarity/polarity_test.dart: Polarity Mary did not travel yesterday
00:00 +105 -3: C:/Users/10100/Documents/Padlock app/padlock_app/test/engine/polarity/polarity_test.dart: Polarity The teacher may not travel
00:00 +106 -3: C:/Users/10100/Documents/Padlock app/padlock_app/test/engine/polarity/polarity_test.dart: Polarity The bridge must not be built
00:00 +107 -3: C:/Users/10100/Documents/Padlock app/padlock_app/test/engine/polarity/polarity_test.dart: Polarity The mouse has not gone
00:00 +108 -3: C:/Users/10100/Documents/Padlock app/padlock_app/test/engine/polarity/polarity_test.dart: Polarity Students do not study
00:00 +109 -3: C:/Users/10100/Documents/Padlock app/padlock_app/test/engine/polarity/polarity_test.dart: Polarity The dog was not running yesterday
00:00 +110 -3: C:/Users/10100/Documents/Padlock app/padlock_app/test/engine/question/question_test.dart: Questions Does John work?
00:01 +111 -3: C:/Users/10100/Documents/Padlock app/padlock_app/test/engine/question/question_test.dart: Questions Do students study?
00:01 +112 -3: C:/Users/10100/Documents/Padlock app/padlock_app/test/engine/question/question_test.dart: Questions Did Mary work yesterday?
00:01 +113 -3: C:/Users/10100/Documents/Padlock app/padlock_app/test/engine/question/question_test.dart: Questions Is the dog running?
00:01 +114 -3: C:/Users/10100/Documents/Padlock app/padlock_app/test/engine/question/question_test.dart: Questions Are the dogs running?
00:01 +115 -3: C:/Users/10100/Documents/Padlock app/padlock_app/test/engine/question/question_test.dart: Questions Has John learned?
00:01 +116 -3: C:/Users/10100/Documents/Padlock app/padlock_app/test/engine/question/question_test.dart: Questions Have the students studied?
00:01 +117 -3: C:/Users/10100/Documents/Padlock app/padlock_app/test/engine/question/question_test.dart: Questions Will Mary travel tomorrow?
00:01 +118 -3: C:/Users/10100/Documents/Padlock app/padlock_app/test/engine/question/question_test.dart: Questions Can the teacher work?
00:01 +119 -3: C:/Users/10100/Documents/Padlock app/padlock_app/test/engine/question/question_test.dart: Questions Should the students study?
00:01 +120 -3: C:/Users/10100/Documents/Padlock app/padlock_app/test/engine/question/question_test.dart: Questions Does John not work?
00:01 +121 -3: C:/Users/10100/Documents/Padlock app/padlock_app/test/engine/question/question_test.dart: Questions Did Mary not study yesterday?
00:01 +122 -3: C:/Users/10100/Documents/Padlock app/padlock_app/test/engine/question/question_test.dart: Questions Is the dog not running?
00:01 +123 -3: C:/Users/10100/Documents/Padlock app/padlock_app/test/engine/question/question_test.dart: Questions Can the dog not run?
00:01 +124 -3: C:/Users/10100/Documents/Padlock app/padlock_app/test/engine/question/question_test.dart: Questions Was the house built?
00:01 +125 -3: C:/Users/10100/Documents/Padlock app/padlock_app/test/engine/question/question_test.dart: Questions Were the houses built?
00:01 +126 -3: C:/Users/10100/Documents/Padlock app/padlock_app/test/engine/question/question_test.dart: Questions Can the house be built?
00:01 +127 -3: C:/Users/10100/Documents/Padlock app/padlock_app/test/engine/question/question_test.dart: Questions Was the house not built?
00:01 +128 -3: C:/Users/10100/Documents/Padlock app/padlock_app/test/engine/question/question_test.dart: Questions Should the bridge not be built by cats?
00:01 +129 -3: C:/Users/10100/Documents/Padlock app/padlock_app/test/engine/question/question_test.dart: Questions Did Mary find the dog?
00:01 +130 -3: C:/Users/10100/Documents/Padlock app/padlock_app/test/engine/sentence_form/sentence_form_test.dart: Sentence forms Statement
00:01 +131 -3: C:/Users/10100/Documents/Padlock app/padlock_app/test/engine/sentence_form/sentence_form_test.dart: Sentence forms Question
00:01 +132 -3: C:/Users/10100/Documents/Padlock app/padlock_app/test/engine/sentence_form/sentence_form_test.dart: Sentence forms Exclamation
00:01 +133 -3: C:/Users/10100/Documents/Padlock app/padlock_app/test/engine/sentence_form/sentence_form_test.dart: Sentence forms Imperative
00:01 +133 -4: C:/Users/10100/Documents/Padlock app/padlock_app/test/engine/sentence_form/sentence_form_test.dart: Sentence forms Imperative [E]
  Expected: 'Work.'
    Actual: 'You work.'
     Which: is different.
            Expected: Work.
              Actual: You work.
                      ^
             Differ at offset 0
  
  package:matcher                                         expect
  package:flutter_test/src/widget_tester.dart 473:18      expect
  test\engine\sentence_form\sentence_form_test.dart 82:7  main.<fn>.<fn>
  
00:01 +133 -4: C:/Users/10100/Documents/Padlock app/padlock_app/test/engine/sentence_form/sentence_form_test.dart: Sentence forms Negative statement
00:01 +134 -4: C:/Users/10100/Documents/Padlock app/padlock_app/test/engine/sentence_form/sentence_form_test.dart: Sentence forms Negative question
00:01 +135 -4: C:/Users/10100/Documents/Padlock app/padlock_app/test/engine/sentence_form/sentence_form_test.dart: Sentence forms Negative exclamation
00:01 +136 -4: C:/Users/10100/Documents/Padlock app/padlock_app/test/engine/sentence_form/sentence_form_test.dart: Sentence forms Passive statement
00:01 +137 -4: C:/Users/10100/Documents/Padlock app/padlock_app/test/engine/sentence_form/sentence_form_test.dart: Sentence forms Passive question
00:01 +138 -4: C:/Users/10100/Documents/Padlock app/padlock_app/test/engine/sentence_form/sentence_form_test.dart: Sentence forms Passive exclamation
00:01 +139 -4: C:/Users/10100/Documents/Padlock app/padlock_app/test/engine/sentence_form/sentence_form_test.dart: Sentence forms Modal question
00:01 +140 -4: C:/Users/10100/Documents/Padlock app/padlock_app/test/engine/sentence_form/sentence_form_test.dart: Sentence forms Modal exclamation
00:01 +141 -4: C:/Users/10100/Documents/Padlock app/padlock_app/test/engine/sentence_form/sentence_form_test.dart: Sentence forms Plural question
00:01 +142 -4: C:/Users/10100/Documents/Padlock app/padlock_app/test/engine/sentence_form/sentence_form_test.dart: Sentence forms Perfect question
00:01 +143 -4: C:/Users/10100/Documents/Padlock app/padlock_app/test/engine/sentence_form/sentence_form_test.dart: Sentence forms Passive negative statement
00:01 +144 -4: C:/Users/10100/Documents/Padlock app/padlock_app/test/engine/sentence_form/sentence_form_test.dart: Sentence forms Passive negative question
00:01 +145 -4: C:/Users/10100/Documents/Padlock app/padlock_app/test/engine/sentence_form/sentence_form_test.dart: Sentence forms Passive modal negative question
00:01 +146 -4: C:/Users/10100/Documents/Padlock app/padlock_app/test/engine/sentence_form/sentence_form_test.dart: Sentence forms Question with object
00:01 +147 -4: C:/Users/10100/Documents/Padlock app/padlock_app/test/engine/smoke_test.dart: Smoke John has worked at home today
00:01 +148 -4: C:/Users/10100/Documents/Padlock app/padlock_app/test/engine/smoke_test.dart: Smoke The dog was running in the park yesterday
00:01 +149 -4: C:/Users/10100/Documents/Padlock app/padlock_app/test/engine/smoke_test.dart: Smoke This teacher will teach at school tomorrow
00:01 +150 -4: C:/Users/10100/Documents/Padlock app/padlock_app/test/engine/smoke_test.dart: Smoke Cats have been sleeping at home
00:01 +151 -4: C:/Users/10100/Documents/Padlock app/padlock_app/test/engine/smoke_test.dart: Smoke Does Mary know?
00:01 +152 -4: C:/Users/10100/Documents/Padlock app/padlock_app/test/engine/smoke_test.dart: Smoke Did the dog run?
00:01 +153 -4: C:/Users/10100/Documents/Padlock app/padlock_app/test/engine/smoke_test.dart: Smoke Will John come tomorrow?
00:01 +154 -4: C:/Users/10100/Documents/Padlock app/padlock_app/test/engine/smoke_test.dart: Smoke That car does not work
00:01 +155 -4: C:/Users/10100/Documents/Padlock app/padlock_app/test/engine/smoke_test.dart: Smoke Our students did not study yesterday
00:01 +156 -4: C:/Users/10100/Documents/Padlock app/padlock_app/test/engine/smoke_test.dart: Smoke He can drive
00:01 +157 -4: C:/Users/10100/Documents/Padlock app/padlock_app/test/engine/smoke_test.dart: Smoke She should study
00:01 +158 -4: C:/Users/10100/Documents/Padlock app/padlock_app/test/engine/smoke_test.dart: Smoke Some dogs must work
00:01 +159 -4: C:/Users/10100/Documents/Padlock app/padlock_app/test/engine/smoke_test.dart: Smoke Cook imperative
00:01 +159 -5: C:/Users/10100/Documents/Padlock app/padlock_app/test/engine/smoke_test.dart: Smoke Cook imperative [E]
  Expected: 'Cook.'
    Actual: 'You cook.'
     Which: is different.
            Expected: Cook.
              Actual: You cook.
                      ^
             Differ at offset 0
  
  package:matcher                                     expect
  package:flutter_test/src/widget_tester.dart 473:18  expect
  test\engine\smoke_test.dart 245:7                   main.<fn>.<fn>
  
00:01 +159 -5: C:/Users/10100/Documents/Padlock app/padlock_app/test/engine/smoke_test.dart: Smoke You run!
00:01 +160 -5: C:/Users/10100/Documents/Padlock app/padlock_app/test/engine/smoke_test.dart: Smoke Each child has learned
00:01 +161 -5: C:/Users/10100/Documents/Padlock app/padlock_app/test/engine/smoke_test.dart: Smoke The mouse has gone
00:01 +162 -5: C:/Users/10100/Documents/Padlock app/padlock_app/test/engine/smoke_test.dart: Smoke Any teacher can travel to work
00:01 +163 -5: C:/Users/10100/Documents/Padlock app/padlock_app/test/engine/tense/tense_continous_test.dart: Continuous tense John is working
00:01 +164 -5: C:/Users/10100/Documents/Padlock app/padlock_app/test/engine/tense/tense_continous_test.dart: Continuous tense The dog is running
00:01 +165 -5: C:/Users/10100/Documents/Padlock app/padlock_app/test/engine/tense/tense_continous_test.dart: Continuous tense The students are studying
00:01 +166 -5: C:/Users/10100/Documents/Padlock app/padlock_app/test/engine/tense/tense_continous_test.dart: Continuous tense Mary was working yesterday
00:01 +167 -5: C:/Users/10100/Documents/Padlock app/padlock_app/test/engine/tense/tense_continous_test.dart: Continuous tense The dogs were running
00:01 +168 -5: C:/Users/10100/Documents/Padlock app/padlock_app/test/engine/tense/tense_continous_test.dart: Continuous tense John will be working
00:01 +169 -5: C:/Users/10100/Documents/Padlock app/padlock_app/test/engine/tense/tense_continous_test.dart: Continuous tense The teacher is teaching at school
00:01 +170 -5: C:/Users/10100/Documents/Padlock app/padlock_app/test/engine/tense/tense_continous_test.dart: Continuous tense John is not working
00:01 +171 -5: C:/Users/10100/Documents/Padlock app/padlock_app/test/engine/tense/tense_continous_test.dart: Continuous tense The students are not studying
00:01 +172 -5: C:/Users/10100/Documents/Padlock app/padlock_app/test/engine/tense/tense_continous_test.dart: Continuous tense Is John working?
00:01 +173 -5: C:/Users/10100/Documents/Padlock app/padlock_app/test/engine/tense/tense_continous_test.dart: Continuous tense Are the dogs running?
00:01 +174 -5: C:/Users/10100/Documents/Padlock app/padlock_app/test/engine/tense/tense_continous_test.dart: Continuous tense Was Mary working yesterday?
00:01 +175 -5: C:/Users/10100/Documents/Padlock app/padlock_app/test/engine/tense/tense_continous_test.dart: Continuous tense John is working!
00:01 +176 -5: C:/Users/10100/Documents/Padlock app/padlock_app/test/engine/tense/tense_continous_test.dart: Continuous tense The bridge is being built
00:01 +177 -5: C:/Users/10100/Documents/Padlock app/padlock_app/test/engine/tense/tense_continous_test.dart: Continuous tense The houses were being built
00:01 +178 -5: C:/Users/10100/Documents/Padlock app/padlock_app/test/engine/tense/tense_continous_test.dart: Continuous tense The bridge is not being built
00:01 +179 -5: C:/Users/10100/Documents/Padlock app/padlock_app/test/engine/tense/tense_continous_test.dart: Continuous tense Is the bridge not being built?
00:01 +180 -5: C:/Users/10100/Documents/Padlock app/padlock_app/test/engine/tense/tense_continous_test.dart: Continuous tense Was the house being built by John?
00:01 +181 -5: C:/Users/10100/Documents/Padlock app/padlock_app/test/engine/tense/tense_perfect_continous_test.dart: Perfect Continuous tense John has been working
00:01 +182 -5: C:/Users/10100/Documents/Padlock app/padlock_app/test/engine/tense/tense_perfect_continous_test.dart: Perfect Continuous tense The students have been studying
00:01 +183 -5: C:/Users/10100/Documents/Padlock app/padlock_app/test/engine/tense/tense_perfect_continous_test.dart: Perfect Continuous tense Mary had been working
00:01 +184 -5: C:/Users/10100/Documents/Padlock app/padlock_app/test/engine/tense/tense_perfect_continous_test.dart: Perfect Continuous tense The teachers had been teaching
00:01 +185 -5: C:/Users/10100/Documents/Padlock app/padlock_app/test/engine/tense/tense_perfect_continous_test.dart: Perfect Continuous tense John will have been working
00:01 +186 -5: C:/Users/10100/Documents/Padlock app/padlock_app/test/engine/tense/tense_perfect_continous_test.dart: Perfect Continuous tense John has not been working
00:01 +187 -5: C:/Users/10100/Documents/Padlock app/padlock_app/test/engine/tense/tense_perfect_continous_test.dart: Perfect Continuous tense The students have not been studying
00:01 +188 -5: C:/Users/10100/Documents/Padlock app/padlock_app/test/engine/tense/tense_perfect_continous_test.dart: Perfect Continuous tense Has John been working?
00:01 +189 -5: C:/Users/10100/Documents/Padlock app/padlock_app/test/engine/tense/tense_perfect_continous_test.dart: Perfect Continuous tense Have the students been studying?
00:01 +190 -5: C:/Users/10100/Documents/Padlock app/padlock_app/test/engine/tense/tense_perfect_continous_test.dart: Perfect Continuous tense John has been working!
00:01 +191 -5: C:/Users/10100/Documents/Padlock app/padlock_app/test/engine/tense/tense_perfect_continous_test.dart: Perfect Continuous tense The teacher has been teaching at school
00:01 +192 -5: C:/Users/10100/Documents/Padlock app/padlock_app/test/engine/tense/tense_perfect_continous_test.dart: Perfect Continuous tense The house has been being built
00:01 +193 -5: C:/Users/10100/Documents/Padlock app/padlock_app/test/engine/tense/tense_perfect_continous_test.dart: Perfect Continuous tense The houses had been being built
00:01 +194 -5: C:/Users/10100/Documents/Padlock app/padlock_app/test/engine/tense/tense_perfect_continous_test.dart: Perfect Continuous tense Has the house been being built?
00:01 +195 -5: C:/Users/10100/Documents/Padlock app/padlock_app/test/engine/tense/tense_perfect_continous_test.dart: Perfect Continuous tense The house has not been being built
00:01 +196 -5: C:/Users/10100/Documents/Padlock app/padlock_app/test/engine/tense/tense_perfect_continous_test.dart: Perfect Continuous tense Has the house not been being built?
00:01 +197 -5: C:/Users/10100/Documents/Padlock app/padlock_app/test/engine/tense/tense_perfect_continous_test.dart: Perfect Continuous tense Should the bridge not have been being built?
00:01 +198 -5: C:/Users/10100/Documents/Padlock app/padlock_app/test/engine/tense/tense_perfect_continous_test.dart: Perfect Continuous tense Mary has been finding the dog
00:01 +199 -5: C:/Users/10100/Documents/Padlock app/padlock_app/test/engine/tense/tense_perfect_continous_test.dart: Perfect Continuous tense Has Mary been finding the dog?
00:01 +200 -5: C:/Users/10100/Documents/Padlock app/padlock_app/test/engine/tense/tense_perfect_continous_test.dart: Perfect Continuous tense The house has been being built by John
00:01 +201 -5: C:/Users/10100/Documents/Padlock app/padlock_app/test/engine/tense/tense_perfect_test.dart: Perfect tense John has worked
00:01 +202 -5: C:/Users/10100/Documents/Padlock app/padlock_app/test/engine/tense/tense_perfect_test.dart: Perfect tense Dogs have worked
00:01 +203 -5: C:/Users/10100/Documents/Padlock app/padlock_app/test/engine/tense/tense_perfect_test.dart: Perfect tense Mary had studied yesterday
00:01 +204 -5: C:/Users/10100/Documents/Padlock app/padlock_app/test/engine/tense/tense_perfect_test.dart: Perfect tense The students had studied
00:01 +205 -5: C:/Users/10100/Documents/Padlock app/padlock_app/test/engine/tense/tense_perfect_test.dart: Perfect tense John will have worked
00:01 +206 -5: C:/Users/10100/Documents/Padlock app/padlock_app/test/engine/tense/tense_perfect_test.dart: Perfect tense The dog has run
00:01 +207 -5: C:/Users/10100/Documents/Padlock app/padlock_app/test/engine/tense/tense_perfect_test.dart: Perfect tense John has not worked
00:01 +208 -5: C:/Users/10100/Documents/Padlock app/padlock_app/test/engine/tense/tense_perfect_test.dart: Perfect tense The students have not studied
00:01 +209 -5: C:/Users/10100/Documents/Padlock app/padlock_app/test/engine/tense/tense_perfect_test.dart: Perfect tense Has John worked?
00:01 +210 -5: C:/Users/10100/Documents/Padlock app/padlock_app/test/engine/tense/tense_perfect_test.dart: Perfect tense Have the students studied?
00:01 +211 -5: C:/Users/10100/Documents/Padlock app/padlock_app/test/engine/tense/tense_perfect_test.dart: Perfect tense John has worked!
00:01 +212 -5: C:/Users/10100/Documents/Padlock app/padlock_app/test/engine/tense/tense_perfect_test.dart: Perfect tense The house has been built
00:01 +213 -5: C:/Users/10100/Documents/Padlock app/padlock_app/test/engine/tense/tense_perfect_test.dart: Perfect tense The houses had been built
00:01 +214 -5: C:/Users/10100/Documents/Padlock app/padlock_app/test/engine/tense/tense_perfect_test.dart: Perfect tense Has the house been built?
00:01 +215 -5: C:/Users/10100/Documents/Padlock app/padlock_app/test/engine/tense/tense_perfect_test.dart: Perfect tense The house has not been built
00:01 +216 -5: C:/Users/10100/Documents/Padlock app/padlock_app/test/engine/tense/tense_perfect_test.dart: Perfect tense Has the house not been built?
00:01 +217 -5: C:/Users/10100/Documents/Padlock app/padlock_app/test/engine/tense/tense_perfect_test.dart: Perfect tense Should the bridge not have been built?
00:01 +218 -5: C:/Users/10100/Documents/Padlock app/padlock_app/test/engine/tense/tense_perfect_test.dart: Perfect tense Mary has found the dog
00:01 +219 -5: C:/Users/10100/Documents/Padlock app/padlock_app/test/engine/tense/tense_perfect_test.dart: Perfect tense Has Mary found the dog?
00:01 +220 -5: C:/Users/10100/Documents/Padlock app/padlock_app/test/engine/tense/tense_perfect_test.dart: Perfect tense The house has been built by John
00:01 +221 -5: C:/Users/10100/Documents/Padlock app/padlock_app/test/engine/tense/tense_simple_test.dart: Simple tense John works
00:01 +222 -5: C:/Users/10100/Documents/Padlock app/padlock_app/test/engine/tense/tense_simple_test.dart: Simple tense Dogs work
00:01 +223 -5: C:/Users/10100/Documents/Padlock app/padlock_app/test/engine/tense/tense_simple_test.dart: Simple tense The teacher teaches at school
00:01 +224 -5: C:/Users/10100/Documents/Padlock app/padlock_app/test/engine/tense/tense_simple_test.dart: Simple tense Mary worked yesterday
00:01 +225 -5: C:/Users/10100/Documents/Padlock app/padlock_app/test/engine/tense/tense_simple_test.dart: Simple tense The students studied yesterday
00:01 +226 -5: C:/Users/10100/Documents/Padlock app/padlock_app/test/engine/tense/tense_simple_test.dart: Simple tense John will work tomorrow
00:01 +227 -5: C:/Users/10100/Documents/Padlock app/padlock_app/test/engine/tense/tense_simple_test.dart: Simple tense John does not work
00:01 +228 -5: C:/Users/10100/Documents/Padlock app/padlock_app/test/engine/tense/tense_simple_test.dart: Simple tense Dogs do not work
00:01 +229 -5: C:/Users/10100/Documents/Padlock app/padlock_app/test/engine/tense/tense_simple_test.dart: Simple tense Mary did not study yesterday
00:01 +230 -5: C:/Users/10100/Documents/Padlock app/padlock_app/test/engine/tense/tense_simple_test.dart: Simple tense Does John work?
00:01 +231 -5: C:/Users/10100/Documents/Padlock app/padlock_app/test/engine/tense/tense_simple_test.dart: Simple tense Do the students study?
00:01 +232 -5: C:/Users/10100/Documents/Padlock app/padlock_app/test/engine/tense/tense_simple_test.dart: Simple tense Did Mary work yesterday?
00:01 +233 -5: C:/Users/10100/Documents/Padlock app/padlock_app/test/engine/tense/tense_simple_test.dart: Simple tense John works!
00:01 +234 -5: C:/Users/10100/Documents/Padlock app/padlock_app/test/engine/tense/tense_simple_test.dart: Simple tense The house was built
00:01 +235 -5: C:/Users/10100/Documents/Padlock app/padlock_app/test/engine/tense/tense_simple_test.dart: Simple tense The houses were built
00:01 +236 -5: C:/Users/10100/Documents/Padlock app/padlock_app/test/engine/tense/tense_simple_test.dart: Simple tense Was the house built?
00:01 +237 -5: C:/Users/10100/Documents/Padlock app/padlock_app/test/engine/tense/tense_simple_test.dart: Simple tense Can the house be built?
00:01 +238 -5: C:/Users/10100/Documents/Padlock app/padlock_app/test/engine/tense/tense_simple_test.dart: Simple tense The house was not built
00:01 +239 -5: C:/Users/10100/Documents/Padlock app/padlock_app/test/engine/tense/tense_simple_test.dart: Simple tense Was the house not built?
00:01 +240 -5: C:/Users/10100/Documents/Padlock app/padlock_app/test/engine/tense/tense_simple_test.dart: Simple tense Should the bridge not be built?
00:01 +241 -5: C:/Users/10100/Documents/Padlock app/padlock_app/test/engine/tense/tense_simple_test.dart: Simple tense Mary found the dog
00:01 +242 -5: C:/Users/10100/Documents/Padlock app/padlock_app/test/engine/tense/tense_simple_test.dart: Simple tense Did Mary find the dog?
00:01 +243 -5: C:/Users/10100/Documents/Padlock app/padlock_app/test/engine/tense/tense_simple_test.dart: Simple tense The house was built by John
00:01 +244 -5: Some tests failed.

Failing tests:
  C:/Users/10100/Documents/Padlock app/padlock_app/test/engine/irregular/irregular_test.dart: Irregular verbs John went home yesterday
  C:/Users/10100/Documents/Padlock app/padlock_app/test/engine/irregular/irregular_test.dart: Irregular verbs The cat got home
  C:/Users/10100/Documents/Padlock app/padlock_app/test/engine/modal/modal_test.dart: Modal verbs The dog cannot run
  C:/Users/10100/Documents/Padlock app/padlock_app/test/engine/sentence_form/sentence_form_test.dart: Sentence forms Imperative
  C:/Users/10100/Documents/Padlock app/padlock_app/test/engine/smoke_test.dart: Smoke Cook imperative
